66.249.67.61 b-techs.org - [04/Oct/2014:11:20:47 +0200] "GET /fr/formations-informatique-d%C3%A9cisionnelle HTTP/1.1" 200 32279 "-" "Mozilla/5.0 (compatible; Googlebot/2.1; +http://www.google.com/bot.html)"
192.99.149.88 b-techs.org - [04/Oct/2014:11:39:24 +0200] "GET /tags/bi-reporting HTTP/1.1" 200 23122 "-" "Mozilla/5.0 (Windows NT 6.1; WOW64; Trident/7.0; rv:11.0) like Gecko"
66.249.67.53 b-techs.org - [04/Oct/2014:11:54:35 +0200] "GET / HTTP/1.1" 200 21999 "-" "Mozilla/5.0 (compatible; Googlebot/2.1; +http://www.google.com/bot.html)"
37.58.100.180 b-techs.org - [04/Oct/2014:12:05:09 +0200] "GET /contacter HTTP/1.1" 301 - "-" "Mozilla/5.0 (compatible; AhrefsBot/5.0; +http://ahrefs.com/robot/)"
37.58.100.180 b-techs.org - [04/Oct/2014:12:17:23 +0200] "GET /tagclouds HTTP/1.1" 200 32280 "-" "Mozilla/5.0 (compatible; AhrefsBot/5.0; +http://ahrefs.com/robot/)"
66.249.67.61 b-techs.org - [04/Oct/2014:13:26:17 +0200] "GET /fr/formations-data-mining HTTP/1.1" 200 30631 "-" "Mozilla/5.0 (compatible; Googlebot/2.1; +http://www.google.com/bot.html)"
66.249.67.53 b-techs.org - [04/Oct/2014:14:02:32 +0200] "GET /formations-informatique-d%C3%A9cisionnelle HTTP/1.1" 301 - "-" "Mozilla/5.0 (compatible; Googlebot/2.1; +http://www.google.com/bot.html)"
66.249.67.69 b-techs.org - [04/Oct/2014:14:02:33 +0200] "GET /fr/formations-informatique-d%C3%A9cisionnelle HTTP/1.1" 200 32279 "-" "Mozilla/5.0 (compatible; Googlebot/2.1; +http://www.google.com/bot.html)"
66.249.67.53 b-techs.org - [04/Oct/2014:14:55:33 +0200] "GET / HTTP/1.1" 200 21999 "-" "Mozilla/5.0 (compatible; Googlebot/2.1; +http://www.google.com/bot.html)"
66.249.67.61 b-techs.org - [04/Oct/2014:15:41:01 +0200] "GET /formations-data-mining HTTP/1.1" 301 - "-" "Mozilla/5.0 (compatible; Googlebot/2.1; +http://www.google.com/bot.html)"
66.249.67.69 b-techs.org - [04/Oct/2014:15:41:02 +0200] "GET /fr/formations-data-mining HTTP/1.1" 200 30631 "-" "Mozilla/5.0 (compatible; Googlebot/2.1; +http://www.google.com/bot.html)"
95.108.241.251 b-techs.org - [04/Oct/2014:16:13:22 +0200] "GET /robots.txt HTTP/1.1" 304 - "-" "Mozilla/5.0 (compatible; YandexBot/3.0; +http://yandex.com/bots)"
95.108.241.251 b-techs.org - [04/Oct/2014:16:13:33 +0200] "GET / HTTP/1.1" 200 21999 "-" "Mozilla/5.0 (compatible; YandexBot/3.0; +http://yandex.com/bots)"
95.108.241.251 b-techs.org - [04/Oct/2014:16:16:57 +0200] "GET / HTTP/1.1" 200 21999 "-" "Mozilla/5.0 (compatible; YandexBot/3.0; +http://yandex.com/bots)"
66.249.67.69 b-techs.org - [04/Oct/2014:17:02:44 +0200] "GET /tags/kppv HTTP/1.1" 200 23428 "-" "Mozilla/5.0 (compatible; Googlebot/2.1; +http://www.google.com/bot.html)"
146.148.63.233 b-techs.org - [04/Oct/2014:17:02:59 +0200] "GET / HTTP/1.1" 200 21999 "-" "NerdyBot"
66.249.67.53 b-techs.org - [04/Oct/2014:18:03:08 +0200] "GET /fr/recherche-d%C3%A9veloppement HTTP/1.1" 200 34712 "-" "Mozilla/5.0 (compatible; Googlebot/2.1; +http://www.google.com/bot.html)"
37.58.100.180 b-techs.org - [04/Oct/2014:18:10:15 +0200] "GET /comprendre-les-syst%C3%A8-recommandation HTTP/1.1" 404 23346 "-" "Mozilla/5.0 (compatible; AhrefsBot/5.0; +http://ahrefs.com/robot/)"
37.58.100.180 b-techs.org - [04/Oct/2014:18:24:07 +0200] "GET /tags/open-source-data-mining HTTP/1.1" 200 22165 "-" "Mozilla/5.0 (compatible; AhrefsBot/5.0; +http://ahrefs.com/robot/)"
66.249.67.69 b-techs.org - [04/Oct/2014:18:43:09 +0200] "GET /web-collaboratif HTTP/1.1" 301 - "-" "Mozilla/5.0 (compatible; Googlebot/2.1; +http://www.google.com/bot.html)"
66.249.67.69 b-techs.org - [04/Oct/2014:18:43:10 +0200] "GET /fr/web-collaboratif HTTP/1.1" 200 31032 "-" "Mozilla/5.0 (compatible; Googlebot/2.1; +http://www.google.com/bot.html)"
66.249.67.61 b-techs.org - [04/Oct/2014:18:46:20 +0200] "GET /sites/all/modules/ctools/css/ctools.css?nbmwfe HTTP/1.1" 304 - "-" "Mozilla/5.0 (compatible; Googlebot/2.1; +http://www.google.com/bot.html)"
37.58.100.180 b-techs.org - [04/Oct/2014:18:58:56 +0200] "GET /birt-%E2%80%93-solution-reporting-open-source HTTP/1.1" 404 23351 "-" "Mozilla/5.0 (compatible; AhrefsBot/5.0; +http://ahrefs.com/robot/)"
146.148.64.233 b-techs.org - [04/Oct/2014:19:32:01 +0200] "GET / HTTP/1.1" 200 21999 "-" "NerdyBot"
66.249.67.69 b-techs.org - [04/Oct/2014:20:40:07 +0200] "GET /fr/birt-%E2%80%93-solution-reporting-open-source HTTP/1.1" 200 38009 "-" "Mozilla/5.0 (compatible; Googlebot/2.1; +http://www.google.com/bot.html)"
37.58.100.180 b-techs.org - [04/Oct/2014:22:42:04 +0200] "GET /taxonomy/term/6/feed HTTP/1.1" 200 9091 "-" "Mozilla/5.0 (compatible; AhrefsBot/5.0; +http://ahrefs.com/robot/)"
66.249.67.69 b-techs.org - [04/Oct/2014:22:47:03 +0200] "GET /shareaholic/api/share_counts/v1 HTTP/1.1" 200 2 "-" "Mozilla/5.0 (compatible; Googlebot/2.1; +http://www.google.com/bot.html)"
66.249.67.69 b-techs.org - [05/Oct/2014:00:00:09 +0200] "GET /tags/portail-d%C3%A9cisionnel HTTP/1.1" 200 22372 "-" "Mozilla/5.0 (compatible; Googlebot/2.1; +http://www.google.com/bot.html)"
37.58.100.180 b-techs.org - [05/Oct/2014:01:39:25 +0200] "GET /tags/btechs HTTP/1.1" 200 22717 "-" "Mozilla/5.0 (compatible; AhrefsBot/5.0; +http://ahrefs.com/robot/)"
37.58.100.180 b-techs.org - [05/Oct/2014:03:16:17 +0200] "GET /tags/drupal-collaboratif HTTP/1.1" 200 22981 "-" "Mozilla/5.0 (compatible; AhrefsBot/5.0; +http://ahrefs.com/robot/)"
157.55.39.247 b-techs.org - [05/Oct/2014:06:23:15 +0200] "GET /tags/outils-collaboratifs HTTP/1.1" 200 27031 "-" "Mozilla/5.0 (compatible; bingbot/2.0; +http://www.bing.com/bingbot.htm)"
95.108.241.251 b-techs.org - [05/Oct/2014:07:23:28 +0200] "GET /fr/contacter HTTP/1.1" 200 32292 "-" "Mozilla/5.0 (compatible; YandexBot/3.0; +http://yandex.com/bots)"
148.251.124.174 b-techs.org - [05/Oct/2014:08:11:35 +0200] "GET /tags/bi-reporting HTTP/1.1" 200 5770 "-" "Mozilla/5.0 (compatible; MJ12bot/v1.4.5; http://www.majestic12.co.uk/bot.php?+)"
148.251.124.174 b-techs.org - [05/Oct/2014:08:11:06 +0200] "GET /robots.txt HTTP/1.1" 200 1561 "-" "Mozilla/5.0 (compatible; MJ12bot/v1.4.5; http://www.majestic12.co.uk/bot.php?+)"
148.251.124.174 b-techs.org - [05/Oct/2014:08:11:19 +0200] "GET /fr/mettre-place-portail-d%C3%A9cisionnel-open-source HTTP/1.1" 200 40498 "-" "Mozilla/5.0 (compatible; MJ12bot/v1.4.5; http://www.majestic12.co.uk/bot.php?+)"
148.251.124.174 b-techs.org - [05/Oct/2014:08:11:47 +0200] "GET /tags/conception-rapport HTTP/1.1" 200 5764 "-" "Mozilla/5.0 (compatible; MJ12bot/v1.4.5; http://www.majestic12.co.uk/bot.php?+)"
148.251.124.174 b-techs.org - [05/Oct/2014:08:11:58 +0200] "GET /tags/consulting HTTP/1.1" 200 5599 "-" "Mozilla/5.0 (compatible; MJ12bot/v1.4.5; http://www.majestic12.co.uk/bot.php?+)"
95.108.241.251 b-techs.org - [05/Oct/2014:08:45:43 +0200] "GET /fr/recrutement HTTP/1.1" 200 31424 "-" "Mozilla/5.0 (compatible; YandexBot/3.0; +http://yandex.com/bots)"
37.58.100.180 b-techs.org - [05/Oct/2014:09:10:53 +0200] "GET /taxonomy/term/30/feed HTTP/1.1" 200 4246 "-" "Mozilla/5.0 (compatible; AhrefsBot/5.0; +http://ahrefs.com/robot/)"
93.180.64.135 b-techs.org - [05/Oct/2014:10:02:52 +0200] "GET /fr/%C3%A9tude-th%C3%A9orique-pratique-exemples-data-mining HTTP/1.1" 200 39924 "-" "Mozilla/5.0 (compatible; MJ12bot/v1.4.5; http://www.majestic12.co.uk/bot.php?+)"
93.180.64.135 b-techs.org - [05/Oct/2014:10:00:37 +0200] "GET /fr/comprendre-les-syst%C3%A8-recommandation HTTP/1.1" 301 - "-" "Mozilla/5.0 (compatible; MJ12bot/v1.4.5; http://www.majestic12.co.uk/bot.php?+)"
93.180.64.135 b-techs.org - [05/Oct/2014:10:00:51 +0200] "GET /fr/comprendre-les-syst%C3%A8mes-recommandation HTTP/1.1" 200 38935 "-" "Mozilla/5.0 (compatible; MJ12bot/v1.4.5; http://www.majestic12.co.uk/bot.php?+)"
93.180.64.135 b-techs.org - [05/Oct/2014:10:02:22 +0200] "GET /fr/mettre-place-portail-d%C3%A9cisionnel-open-source HTTP/1.1" 200 40498 "-" "Mozilla/5.0 (compatible; MJ12bot/v1.4.5; http://www.majestic12.co.uk/bot.php?+)"
93.180.64.135 b-techs.org - [05/Oct/2014:10:00:23 +0200] "GET /fr/birt-%E2%80%93-solution-reporting-open-source HTTP/1.1" 200 38009 "-" "Mozilla/5.0 (compatible; MJ12bot/v1.4.5; http://www.majestic12.co.uk/bot.php?+)"
93.180.64.135 b-techs.org - [05/Oct/2014:10:02:34 +0200] "GET /fr/olap-manipul%C3%A9-donn%C3%A9es-travers-cube-open-source HTTP/1.1" 200 39677 "-" "Mozilla/5.0 (compatible; MJ12bot/v1.4.5; http://www.majestic12.co.uk/bot.php?+)"
93.180.64.135 b-techs.org - [05/Oct/2014:10:01:07 +0200] "GET /fr/drupal-cr%C3%A9e-site-collaboratif HTTP/1.1" 200 38487 "-" "Mozilla/5.0 (compatible; MJ12bot/v1.4.5; http://www.majestic12.co.uk/bot.php?+)"
93.180.64.135 b-techs.org - [05/Oct/2014:10:01:18 +0200] "GET /fr/formations-informatique-d%C3%A9cisionnelle HTTP/1.1" 200 32279 "-" "Mozilla/5.0 (compatible; MJ12bot/v1.4.5; http://www.majestic12.co.uk/bot.php?+)"
93.180.64.135 b-techs.org - [05/Oct/2014:10:01:30 +0200] "GET /fr/maitriser-portail-d%C3%A9cisionnel-open-source HTTP/1.1" 200 40796 "-" "Mozilla/5.0 (compatible; MJ12bot/v1.4.5; http://www.majestic12.co.uk/bot.php?+)"
93.180.64.135 b-techs.org - [05/Oct/2014:10:01:41 +0200] "GET /fr/metter-place-portail-d%C3%A9cisionnel-open-source HTTP/1.1" 301 - "-" "Mozilla/5.0 (compatible; MJ12bot/v1.4.5; http://www.majestic12.co.uk/bot.php?+)"
157.55.39.127 b-techs.org - [05/Oct/2014:10:24:42 +0200] "GET /tags/olap HTTP/1.1" 200 29455 "-" "Mozilla/5.0 (compatible; bingbot/2.0; +http://www.bing.com/bingbot.htm)"
192.99.149.88 b-techs.org - [05/Oct/2014:12:42:30 +0200] "GET /tags/open-source-reporting HTTP/1.1" 200 23239 "-" "Mozilla/5.0 (Windows NT 6.1; WOW64; Trident/7.0; rv:11.0) like Gecko"
192.99.149.88 b-techs.org - [05/Oct/2014:12:42:31 +0200] "GET /fr/ HTTP/1.1" 301 - "-" "Mozilla/5.0 (Windows NT 6.1; WOW64; Trident/7.0; rv:11.0) like Gecko"
192.99.149.88 b-techs.org - [05/Oct/2014:12:42:32 +0200] "GET /tags/web-collaboratifs HTTP/1.1" 200 23154 "-" "Mozilla/5.0 (Windows NT 6.1; WOW64; Trident/7.0; rv:11.0) like Gecko"
192.99.149.88 b-techs.org - [05/Oct/2014:12:42:33 +0200] "GET /tags/projets-partag%C3%A9s HTTP/1.1" 200 23174 "-" "Mozilla/5.0 (Windows NT 6.1; WOW64; Trident/7.0; rv:11.0) like Gecko"
192.99.149.88 b-techs.org - [05/Oct/2014:12:42:34 +0200] "GET /tags/business-intelligence-maroc HTTP/1.1" 200 24177 "-" "Mozilla/5.0 (Windows NT 6.1; WOW64; Trident/7.0; rv:11.0) like Gecko"
192.99.149.88 b-techs.org - [05/Oct/2014:12:42:35 +0200] "GET /tags/reporting-birt HTTP/1.1" 200 23995 "-" "Mozilla/5.0 (Windows NT 6.1; WOW64; Trident/7.0; rv:11.0) like Gecko"
192.99.149.88 b-techs.org - [05/Oct/2014:12:42:36 +0200] "GET /tags/birt-maroc HTTP/1.1" 200 23939 "-" "Mozilla/5.0 (Windows NT 6.1; WOW64; Trident/7.0; rv:11.0) like Gecko"
192.99.149.88 b-techs.org - [05/Oct/2014:12:42:37 +0200] "GET /tags/analyse-cube HTTP/1.1" 200 23967 "-" "Mozilla/5.0 (Windows NT 6.1; WOW64; Trident/7.0; rv:11.0) like Gecko"
192.99.149.88 b-techs.org - [05/Oct/2014:12:42:38 +0200] "GET /tags/jasperreport HTTP/1.1" 200 23967 "-" "Mozilla/5.0 (Windows NT 6.1; WOW64; Trident/7.0; rv:11.0) like Gecko"
192.99.149.88 b-techs.org - [05/Oct/2014:12:42:39 +0200] "GET /tags/data-base HTTP/1.1" 200 23925 "-" "Mozilla/5.0 (Windows NT 6.1; WOW64; Trident/7.0; rv:11.0) like Gecko"
192.99.149.88 b-techs.org - [05/Oct/2014:12:42:40 +0200] "GET /tags/data-mining-maroc HTTP/1.1" 200 24037 "-" "Mozilla/5.0 (Windows NT 6.1; WOW64; Trident/7.0; rv:11.0) like Gecko"
74.208.184.251 B-TECHS.ORG - [05/Oct/2014:14:13:19 +0200] "GET /license.txt HTTP/1.1" 404 294 "-" "Mozilla/5.0 (Macintosh; U; Intel Mac OS X 10.6; fr; rv:1.9.2.8) Gecko/20100722 Firefox/3.6.8"
192.99.149.88 b-techs.org - [05/Oct/2014:14:50:22 +0200] "GET /fr/maitriser-portail-d%C3%A9cisionnel-open-source HTTP/1.1" 200 40796 "-" "Mozilla/5.0 (Windows NT 6.1; WOW64; Trident/7.0; rv:11.0) like Gecko"
192.99.149.88 b-techs.org - [05/Oct/2014:14:50:26 +0200] "GET /tags/portail-open-source-bi HTTP/1.1" 200 24427 "-" "Mozilla/5.0 (Windows NT 6.1; WOW64; Trident/7.0; rv:11.0) like Gecko"
192.99.149.88 b-techs.org - [05/Oct/2014:14:50:27 +0200] "GET /tags/birt-repport HTTP/1.1" 200 24278 "-" "Mozilla/5.0 (Windows NT 6.1; WOW64; Trident/7.0; rv:11.0) like Gecko"
192.99.149.88 b-techs.org - [05/Oct/2014:14:50:28 +0200] "GET /tags/georeportengine HTTP/1.1" 200 24320 "-" "Mozilla/5.0 (Windows NT 6.1; WOW64; Trident/7.0; rv:11.0) like Gecko"
192.99.149.88 b-techs.org - [05/Oct/2014:14:50:29 +0200] "GET /tags/jpivot HTTP/1.1" 200 24194 "-" "Mozilla/5.0 (Windows NT 6.1; WOW64; Trident/7.0; rv:11.0) like Gecko"
192.99.149.88 b-techs.org - [05/Oct/2014:14:50:30 +0200] "GET /tags/qbe HTTP/1.1" 200 24152 "-" "Mozilla/5.0 (Windows NT 6.1; WOW64; Trident/7.0; rv:11.0) like Gecko"
192.99.149.88 b-techs.org - [05/Oct/2014:14:50:31 +0200] "GET /tags/weka HTTP/1.1" 200 24166 "-" "Mozilla/5.0 (Windows NT 6.1; WOW64; Trident/7.0; rv:11.0) like Gecko"
192.99.149.88 b-techs.org - [05/Oct/2014:14:50:32 +0200] "GET /tags/location-intelligence HTTP/1.1" 200 24404 "-" "Mozilla/5.0 (Windows NT 6.1; WOW64; Trident/7.0; rv:11.0) like Gecko"
192.99.149.88 b-techs.org - [05/Oct/2014:14:50:33 +0200] "GET /tags/ad-hoc-maroc HTTP/1.1" 200 24278 "-" "Mozilla/5.0 (Windows NT 6.1; WOW64; Trident/7.0; rv:11.0) like Gecko"
192.99.149.88 b-techs.org - [05/Oct/2014:14:50:35 +0200] "GET /tags/georeport-maroc HTTP/1.1" 200 24320 "-" "Mozilla/5.0 (Windows NT 6.1; WOW64; Trident/7.0; rv:11.0) like Gecko"
192.99.149.88 b-techs.org - [05/Oct/2014:14:50:36 +0200] "GET /fr/formations-informatique-d%C3%A9cisionnelle HTTP/1.1" 200 32279 "-" "Mozilla/5.0 (Windows NT 6.1; WOW64; Trident/7.0; rv:11.0) like Gecko"
216.107.155.114 b-techs.org - [05/Oct/2014:15:29:11 +0200] "GET /birt-%E2%80%93-solution-reporting-open-source HTTP/1.1" 404 23351 "-" "Mozilla/5.0 (compatible; MJ12bot/v1.4.5; http://www.majestic12.co.uk/bot.php?+)"
216.107.155.114 b-techs.org - [05/Oct/2014:15:29:26 +0200] "GET /comprendre-les-syst%C3%A8-recommandation HTTP/1.1" 404 23346 "-" "Mozilla/5.0 (compatible; MJ12bot/v1.4.5; http://www.majestic12.co.uk/bot.php?+)"
216.107.155.114 b-techs.org - [05/Oct/2014:15:29:37 +0200] "GET /ctools_ajax_sample/nojs/birt-%E2%80%93-solution-reporting-open-source HTTP/1.1" 200 33982 "-" "Mozilla/5.0 (compatible; MJ12bot/v1.4.5; http://www.majestic12.co.uk/bot.php?+)"
216.107.155.114 b-techs.org - [05/Oct/2014:15:29:49 +0200] "GET /ctools_ajax_sample/nojs/comprendre-les-syst%C3%A8-recommandation HTTP/1.1" 200 33929 "-" "Mozilla/5.0 (compatible; MJ12bot/v1.4.5; http://www.majestic12.co.uk/bot.php?+)"
216.107.155.114 b-techs.org - [05/Oct/2014:15:30:00 +0200] "GET /ctools_ajax_sample/nojs/drupal-cr%C3%A9e-site-collaboratif HTTP/1.1" 200 33863 "-" "Mozilla/5.0 (compatible; MJ12bot/v1.4.5; http://www.majestic12.co.uk/bot.php?+)"
216.107.155.114 b-techs.org - [05/Oct/2014:15:30:11 +0200] "GET /ctools_ajax_sample/nojs/formations-informatique-d%C3%A9cisionnelle HTTP/1.1" 200 33951 "-" "Mozilla/5.0 (compatible; MJ12bot/v1.4.5; http://www.majestic12.co.uk/bot.php?+)"
216.107.155.114 b-techs.org - [05/Oct/2014:15:30:22 +0200] "GET /ctools_ajax_sample/nojs/maitriser-portail-d%C3%A9cisionnel-open-source HTTP/1.1" 200 33995 "-" "Mozilla/5.0 (compatible; MJ12bot/v1.4.5; http://www.majestic12.co.uk/bot.php?+)"
216.107.155.114 b-techs.org - [05/Oct/2014:15:30:33 +0200] "GET /ctools_ajax_sample/nojs/metter-place-portail-d%C3%A9cisionnel-open-source HTTP/1.1" 200 34028 "-" "Mozilla/5.0 (compatible; MJ12bot/v1.4.5; http://www.majestic12.co.uk/bot.php?+)"
216.107.155.114 b-techs.org - [05/Oct/2014:15:30:45 +0200] "GET /ctools_ajax_sample/nojs/olap-manipul%C3%A9-donn%C3%A9es-travers-cube-open-source HTTP/1.1" 200 34101 "-" "Mozilla/5.0 (compatible; MJ12bot/v1.4.5; http://www.majestic12.co.uk/bot.php?+)"
216.107.155.114 b-techs.org - [05/Oct/2014:15:30:56 +0200] "GET /ctools_ajax_sample/nojs/%C3%A9tude-th%C3%A9orique-pratique-exemples-data-mining HTTP/1.1" 200 34090 "-" "Mozilla/5.0 (compatible; MJ12bot/v1.4.5; http://www.majestic12.co.uk/bot.php?+)"
216.107.155.114 b-techs.org - [05/Oct/2014:15:31:07 +0200] "GET /drupal-cr%C3%A9e-site-collaboratif HTTP/1.1" 404 23340 "-" "Mozilla/5.0 (compatible; MJ12bot/v1.4.5; http://www.majestic12.co.uk/bot.php?+)"
216.107.155.114 b-techs.org - [05/Oct/2014:15:31:18 +0200] "GET /formations-informatique-d%C3%A9cisionnelle HTTP/1.1" 301 - "-" "Mozilla/5.0 (compatible; MJ12bot/v1.4.5; http://www.majestic12.co.uk/bot.php?+)"
216.107.155.114 b-techs.org - [05/Oct/2014:15:31:29 +0200] "GET /fr/formations-informatique-d%C3%A9cisionnelle HTTP/1.1" 200 32279 "-" "Mozilla/5.0 (compatible; MJ12bot/v1.4.5; http://www.majestic12.co.uk/bot.php?+)"
216.107.155.114 b-techs.org - [05/Oct/2014:15:31:40 +0200] "GET /fr/olap-manipul%C3%A9-vos-donn%C3%A9es-au-travers-des-cube-open-source HTTP/1.1" 404 23376 "-" "Mozilla/5.0 (compatible; MJ12bot/v1.4.5; http://www.majestic12.co.uk/bot.php?+)"
216.107.155.114 b-techs.org - [05/Oct/2014:15:31:52 +0200] "GET /maitriser-portail-d%C3%A9cisionnel-open-source HTTP/1.1" 404 23352 "-" "Mozilla/5.0 (compatible; MJ12bot/v1.4.5; http://www.majestic12.co.uk/bot.php?+)"
216.107.155.114 b-techs.org - [05/Oct/2014:15:32:03 +0200] "GET /metter-place-portail-d%C3%A9cisionnel-open-source HTTP/1.1" 301 - "-" "Mozilla/5.0 (compatible; MJ12bot/v1.4.5; http://www.majestic12.co.uk/bot.php?+)"
216.107.155.114 b-techs.org - [05/Oct/2014:15:32:13 +0200] "GET /fr/mettre-place-portail-d%C3%A9cisionnel-open-source HTTP/1.1" 200 40498 "-" "Mozilla/5.0 (compatible; MJ12bot/v1.4.5; http://www.majestic12.co.uk/bot.php?+)"
216.107.155.114 b-techs.org - [05/Oct/2014:15:32:25 +0200] "GET /olap-manipul%C3%A9-donn%C3%A9es-travers-cube-open-source HTTP/1.1" 404 23362 "-" "Mozilla/5.0 (compatible; MJ12bot/v1.4.5; http://www.majestic12.co.uk/bot.php?+)"
216.107.155.114 b-techs.org - [05/Oct/2014:15:32:36 +0200] "GET /tagclouds/chunk/birt-%E2%80%93-solution-reporting-open-source HTTP/1.1" 404 23367 "-" "Mozilla/5.0 (compatible; MJ12bot/v1.4.5; http://www.majestic12.co.uk/bot.php?+)"
216.107.155.114 b-techs.org - [05/Oct/2014:15:32:46 +0200] "GET /tagclouds/chunk/comprendre-les-syst%C3%A8-recommandation HTTP/1.1" 404 23362 "-" "Mozilla/5.0 (compatible; MJ12bot/v1.4.5; http://www.majestic12.co.uk/bot.php?+)"
216.107.155.114 b-techs.org - [05/Oct/2014:15:32:59 +0200] "GET /tagclouds/chunk/drupal-cr%C3%A9e-site-collaboratif HTTP/1.1" 404 23356 "-" "Mozilla/5.0 (compatible; MJ12bot/v1.4.5; http://www.majestic12.co.uk/bot.php?+)"
216.107.155.114 b-techs.org - [05/Oct/2014:15:33:10 +0200] "GET /tagclouds/chunk/formations-informatique-d%C3%A9cisionnelle HTTP/1.1" 404 23364 "-" "Mozilla/5.0 (compatible; MJ12bot/v1.4.5; http://www.majestic12.co.uk/bot.php?+)"
216.107.155.114 b-techs.org - [05/Oct/2014:15:33:21 +0200] "GET /tagclouds/chunk/maitriser-portail-d%C3%A9cisionnel-open-source HTTP/1.1" 404 23368 "-" "Mozilla/5.0 (compatible; MJ12bot/v1.4.5; http://www.majestic12.co.uk/bot.php?+)"
216.107.155.114 b-techs.org - [05/Oct/2014:15:33:32 +0200] "GET /tagclouds/chunk/metter-place-portail-d%C3%A9cisionnel-open-source HTTP/1.1" 404 23371 "-" "Mozilla/5.0 (compatible; MJ12bot/v1.4.5; http://www.majestic12.co.uk/bot.php?+)"
216.107.155.114 b-techs.org - [05/Oct/2014:15:33:43 +0200] "GET /tagclouds/chunk/olap-manipul%C3%A9-donn%C3%A9es-travers-cube-open-source HTTP/1.1" 404 23378 "-" "Mozilla/5.0 (compatible; MJ12bot/v1.4.5; http://www.majestic12.co.uk/bot.php?+)"
216.107.155.114 b-techs.org - [05/Oct/2014:15:33:54 +0200] "GET /tagclouds/chunk/%C3%A9tude-th%C3%A9orique-pratique-exemples-data-mining HTTP/1.1" 404 23377 "-" "Mozilla/5.0 (compatible; MJ12bot/v1.4.5; http://www.majestic12.co.uk/bot.php?+)"
216.107.155.114 b-techs.org - [05/Oct/2014:15:34:05 +0200] "GET /taxonomy/term/14/birt-%E2%80%93-solution-reporting-open-source HTTP/1.1" 200 25626 "-" "Mozilla/5.0 (compatible; MJ12bot/v1.4.5; http://www.majestic12.co.uk/bot.php?+)"
216.107.155.114 b-techs.org - [05/Oct/2014:15:34:16 +0200] "GET /taxonomy/term/14/formations-informatique-d%C3%A9cisionnelle HTTP/1.1" 200 25613 "-" "Mozilla/5.0 (compatible; MJ12bot/v1.4.5; http://www.majestic12.co.uk/bot.php?+)"
216.107.155.114 b-techs.org - [05/Oct/2014:15:34:27 +0200] "GET /taxonomy/term/14/olap-manipul%C3%A9-vos-donn%C3%A9es-au-travers-des-cube-open-source HTTP/1.1" 200 25734 "-" "Mozilla/5.0 (compatible; MJ12bot/v1.4.5; http://www.majestic12.co.uk/bot.php?+)"
216.107.155.114 b-techs.org - [05/Oct/2014:15:34:38 +0200] "GET /taxonomy/term/15/birt-%E2%80%93-solution-reporting-open-source HTTP/1.1" 200 28389 "-" "Mozilla/5.0 (compatible; MJ12bot/v1.4.5; http://www.majestic12.co.uk/bot.php?+)"
216.107.155.114 b-techs.org - [05/Oct/2014:15:34:49 +0200] "GET /taxonomy/term/15/formations-informatique-d%C3%A9cisionnelle HTTP/1.1" 200 28376 "-" "Mozilla/5.0 (compatible; MJ12bot/v1.4.5; http://www.majestic12.co.uk/bot.php?+)"
216.107.155.114 b-techs.org - [05/Oct/2014:15:35:00 +0200] "GET /taxonomy/term/15/olap-manipul%C3%A9-vos-donn%C3%A9es-au-travers-des-cube-open-source HTTP/1.1" 200 28497 "-" "Mozilla/5.0 (compatible; MJ12bot/v1.4.5; http://www.majestic12.co.uk/bot.php?+)"
216.107.155.114 b-techs.org - [05/Oct/2014:15:35:11 +0200] "GET /taxonomy/term/16/birt-%E2%80%93-solution-reporting-open-source HTTP/1.1" 200 25525 "-" "Mozilla/5.0 (compatible; MJ12bot/v1.4.5; http://www.majestic12.co.uk/bot.php?+)"
216.107.155.114 b-techs.org - [05/Oct/2014:15:35:22 +0200] "GET /taxonomy/term/33/birt-%E2%80%93-solution-reporting-open-source HTTP/1.1" 200 28024 "-" "Mozilla/5.0 (compatible; MJ12bot/v1.4.5; http://www.majestic12.co.uk/bot.php?+)"
216.107.155.114 b-techs.org - [05/Oct/2014:15:35:33 +0200] "GET /taxonomy/term/33/formations-informatique-d%C3%A9cisionnelle HTTP/1.1" 200 28011 "-" "Mozilla/5.0 (compatible; MJ12bot/v1.4.5; http://www.majestic12.co.uk/bot.php?+)"
216.107.155.114 b-techs.org - [05/Oct/2014:15:35:44 +0200] "GET /taxonomy/term/33/olap-manipul%C3%A9-vos-donn%C3%A9es-au-travers-des-cube-open-source HTTP/1.1" 200 28132 "-" "Mozilla/5.0 (compatible; MJ12bot/v1.4.5; http://www.majestic12.co.uk/bot.php?+)"
216.107.155.114 b-techs.org - [05/Oct/2014:15:35:55 +0200] "GET /taxonomy/term/34/birt-%E2%80%93-solution-reporting-open-source HTTP/1.1" 200 22982 "-" "Mozilla/5.0 (compatible; MJ12bot/v1.4.5; http://www.majestic12.co.uk/bot.php?+)"
216.107.155.114 b-techs.org - [05/Oct/2014:15:36:06 +0200] "GET /taxonomy/term/34/formations-informatique-d%C3%A9cisionnelle HTTP/1.1" 200 22969 "-" "Mozilla/5.0 (compatible; MJ12bot/v1.4.5; http://www.majestic12.co.uk/bot.php?+)"
216.107.155.114 b-techs.org - [05/Oct/2014:15:36:17 +0200] "GET /taxonomy/term/34/olap-manipul%C3%A9-vos-donn%C3%A9es-au-travers-des-cube-open-source HTTP/1.1" 200 23090 "-" "Mozilla/5.0 (compatible; MJ12bot/v1.4.5; http://www.majestic12.co.uk/bot.php?+)"
216.107.155.114 b-techs.org - [05/Oct/2014:15:36:28 +0200] "GET /taxonomy/term/54/birt-%E2%80%93-solution-reporting-open-source HTTP/1.1" 200 22963 "-" "Mozilla/5.0 (compatible; MJ12bot/v1.4.5; http://www.majestic12.co.uk/bot.php?+)"
216.107.155.114 b-techs.org - [05/Oct/2014:15:36:39 +0200] "GET /taxonomy/term/55/birt-%E2%80%93-solution-reporting-open-source HTTP/1.1" 200 22783 "-" "Mozilla/5.0 (compatible; MJ12bot/v1.4.5; http://www.majestic12.co.uk/bot.php?+)"
216.107.155.114 b-techs.org - [05/Oct/2014:15:36:50 +0200] "GET /%C3%A9tude-th%C3%A9orique-pratique-exemples-data-mining HTTP/1.1" 404 23361 "-" "Mozilla/5.0 (compatible; MJ12bot/v1.4.5; http://www.majestic12.co.uk/bot.php?+)"
37.58.100.180 b-techs.org - [05/Oct/2014:16:04:44 +0200] "GET /taxonomy/term/105/feed HTTP/1.1" 200 5856 "-" "Mozilla/5.0 (compatible; AhrefsBot/5.0; +http://ahrefs.com/robot/)"
66.249.67.69 b-techs.org - [05/Oct/2014:16:26:47 +0200] "GET /robots.txt HTTP/1.1" 304 - "-" "Mozilla/5.0 (compatible; Googlebot/2.1; +http://www.google.com/bot.html)"
66.249.67.61 b-techs.org - [05/Oct/2014:16:26:47 +0200] "GET /sites/default/files/pictures/business_intelligence.png HTTP/1.1" 200 27143 "-" "Googlebot-Image/1.0"
157.55.39.247 b-techs.org - [05/Oct/2014:16:29:49 +0200] "GET /fr/formation-b-techs-intelligence HTTP/1.1" 200 32998 "-" "Mozilla/5.0 (compatible; bingbot/2.0; +http://www.bing.com/bingbot.htm)"
192.99.149.88 b-techs.org - [05/Oct/2014:17:01:11 +0200] "GET /fr/birt-%E2%80%93-solution-reporting-open-source HTTP/1.1" 200 38009 "-" "Mozilla/5.0 (Windows NT 6.1; WOW64; Trident/7.0; rv:11.0) like Gecko"
192.99.149.88 b-techs.org - [05/Oct/2014:17:01:13 +0200] "GET /tags/opensource-reporting HTTP/1.1" 200 22890 "-" "Mozilla/5.0 (Windows NT 6.1; WOW64; Trident/7.0; rv:11.0) like Gecko"
192.99.149.88 b-techs.org - [05/Oct/2014:17:01:14 +0200] "GET /fr/mettre-place-portail-d%C3%A9cisionnel-open-source HTTP/1.1" 200 40498 "-" "Mozilla/5.0 (Windows NT 6.1; WOW64; Trident/7.0; rv:11.0) like Gecko"
192.99.149.88 b-techs.org - [05/Oct/2014:17:01:15 +0200] "GET /tags/formations-bi-maroc HTTP/1.1" 200 23157 "-" "Mozilla/5.0 (Windows NT 6.1; WOW64; Trident/7.0; rv:11.0) like Gecko"
192.99.149.88 b-techs.org - [05/Oct/2014:17:01:17 +0200] "GET /fr/comprendre-les-syst%C3%A8mes-recommandation HTTP/1.1" 200 38935 "-" "Mozilla/5.0 (Windows NT 6.1; WOW64; Trident/7.0; rv:11.0) like Gecko"
146.148.93.214 b-techs.org - [05/Oct/2014:17:01:17 +0200] "GET / HTTP/1.1" 200 21999 "-" "NerdyBot"
192.99.149.88 b-techs.org - [05/Oct/2014:17:01:18 +0200] "GET /tags/syst%C3%A8mes-de-recommandation HTTP/1.1" 200 23770 "-" "Mozilla/5.0 (Windows NT 6.1; WOW64; Trident/7.0; rv:11.0) like Gecko"
192.99.149.88 b-techs.org - [05/Oct/2014:17:01:19 +0200] "GET /tags/filtrage-collaboratifs HTTP/1.1" 200 23680 "-" "Mozilla/5.0 (Windows NT 6.1; WOW64; Trident/7.0; rv:11.0) like Gecko"
192.99.149.88 b-techs.org - [05/Oct/2014:17:01:20 +0200] "GET /tags/kppv HTTP/1.1" 200 23428 "-" "Mozilla/5.0 (Windows NT 6.1; WOW64; Trident/7.0; rv:11.0) like Gecko"
192.99.149.88 b-techs.org - [05/Oct/2014:17:01:21 +0200] "GET /tags/recommandation HTTP/1.1" 200 23568 "-" "Mozilla/5.0 (Windows NT 6.1; WOW64; Trident/7.0; rv:11.0) like Gecko"
192.99.149.88 b-techs.org - [05/Oct/2014:17:01:22 +0200] "GET /tags/e-commerce HTTP/1.1" 200 23512 "-" "Mozilla/5.0 (Windows NT 6.1; WOW64; Trident/7.0; rv:11.0) like Gecko"
192.99.149.88 b-techs.org - [05/Oct/2014:17:01:23 +0200] "GET /fr/valeurs HTTP/1.1" 301 - "-" "Mozilla/5.0 (Windows NT 6.1; WOW64; Trident/7.0; rv:11.0) like Gecko"
95.108.241.251 b-techs.org - [05/Oct/2014:17:01:56 +0200] "GET / HTTP/1.1" 200 21999 "-" "Mozilla/5.0 (compatible; YandexBot/3.0; +http://yandex.com/bots)"
95.108.241.251 b-techs.org - [05/Oct/2014:17:02:09 +0200] "GET / HTTP/1.1" 200 21999 "-" "Mozilla/5.0 (compatible; YandexBot/3.0; +http://yandex.com/bots)"
192.99.149.88 b-techs.org - [05/Oct/2014:19:10:26 +0200] "GET /tags/valeurs HTTP/1.1" 200 23394 "-" "Mozilla/5.0 (Windows NT 6.1; WOW64; Trident/7.0; rv:11.0) like Gecko"
192.99.149.88 b-techs.org - [05/Oct/2014:19:10:34 +0200] "GET /tags/osbi HTTP/1.1" 200 23316 "-" "Mozilla/5.0 (Windows NT 6.1; WOW64; Trident/7.0; rv:11.0) like Gecko"
192.99.149.88 b-techs.org - [05/Oct/2014:19:10:35 +0200] "GET /tags/open-source-software HTTP/1.1" 200 23540 "-" "Mozilla/5.0 (Windows NT 6.1; WOW64; Trident/7.0; rv:11.0) like Gecko"
192.99.149.88 b-techs.org - [05/Oct/2014:19:10:36 +0200] "GET /tags/business-intelligenceg HTTP/1.1" 200 23572 "-" "Mozilla/5.0 (Windows NT 6.1; WOW64; Trident/7.0; rv:11.0) like Gecko"
192.99.149.88 b-techs.org - [05/Oct/2014:19:10:37 +0200] "GET /tags/open-source-maroc-business-intelligence HTTP/1.1" 200 22943 "-" "Mozilla/5.0 (Windows NT 6.1; WOW64; Trident/7.0; rv:11.0) like Gecko"
192.99.149.88 b-techs.org - [05/Oct/2014:19:10:37 +0200] "GET /tags/maroc-formations-bi HTTP/1.1" 200 22663 "-" "Mozilla/5.0 (Windows NT 6.1; WOW64; Trident/7.0; rv:11.0) like Gecko"
192.99.149.88 b-techs.org - [05/Oct/2014:19:10:38 +0200] "GET /fr/%C3%A9tude-th%C3%A9orique-pratique-exemples-data-mining HTTP/1.1" 200 39924 "-" "Mozilla/5.0 (Windows NT 6.1; WOW64; Trident/7.0; rv:11.0) like Gecko"
192.99.149.88 b-techs.org - [05/Oct/2014:19:10:40 +0200] "GET /tags/formation-maroc HTTP/1.1" 200 23748 "-" "Mozilla/5.0 (Windows NT 6.1; WOW64; Trident/7.0; rv:11.0) like Gecko"
192.99.149.88 b-techs.org - [05/Oct/2014:19:10:40 +0200] "GET /tags/m%C3%A9thodes-statistiques HTTP/1.1" 200 23866 "-" "Mozilla/5.0 (Windows NT 6.1; WOW64; Trident/7.0; rv:11.0) like Gecko"
192.99.149.88 b-techs.org - [05/Oct/2014:19:10:41 +0200] "GET /tags/r%C3%A9gression HTTP/1.1" 200 23712 "-" "Mozilla/5.0 (Windows NT 6.1; WOW64; Trident/7.0; rv:11.0) like Gecko"
192.99.149.88 b-techs.org - [05/Oct/2014:19:10:42 +0200] "GET /tags/clustering HTTP/1.1" 200 23678 "-" "Mozilla/5.0 (Windows NT 6.1; WOW64; Trident/7.0; rv:11.0) like Gecko"
146.148.87.9 b-techs.org - [05/Oct/2014:19:13:34 +0200] "GET / HTTP/1.1" 200 21999 "-" "NerdyBot"
66.249.67.69 b-techs.org - [05/Oct/2014:19:59:21 +0200] "GET /sites/default/files/pictures/web_collaboratif.png HTTP/1.1" 304 - "-" "Googlebot-Image/1.0"
37.58.100.180 b-techs.org - [05/Oct/2014:21:22:25 +0200] "GET /tags/formation-data-mining-maroc HTTP/1.1" 200 22221 "-" "Mozilla/5.0 (compatible; AhrefsBot/5.0; +http://ahrefs.com/robot/)"
192.99.149.88 b-techs.org - [05/Oct/2014:21:24:36 +0200] "GET /tags/regroupement HTTP/1.1" 200 23706 "-" "Mozilla/5.0 (Windows NT 6.1; WOW64; Trident/7.0; rv:11.0) like Gecko"
192.99.149.88 b-techs.org - [05/Oct/2014:21:24:37 +0200] "GET /tags/datamining-maroc HTTP/1.1" 200 23762 "-" "Mozilla/5.0 (Windows NT 6.1; WOW64; Trident/7.0; rv:11.0) like Gecko"
192.99.149.88 b-techs.org - [05/Oct/2014:21:24:38 +0200] "GET /tags/base-multidimensionnelle HTTP/1.1" 200 23245 "-" "Mozilla/5.0 (Windows NT 6.1; WOW64; Trident/7.0; rv:11.0) like Gecko"
192.99.149.88 b-techs.org - [05/Oct/2014:21:24:39 +0200] "GET /tags/rolap HTTP/1.1" 200 22979 "-" "Mozilla/5.0 (Windows NT 6.1; WOW64; Trident/7.0; rv:11.0) like Gecko"
192.99.149.88 b-techs.org - [05/Oct/2014:21:24:40 +0200] "GET /tags/olap-maroc HTTP/1.1" 200 23049 "-" "Mozilla/5.0 (Windows NT 6.1; WOW64; Trident/7.0; rv:11.0) like Gecko"
192.99.149.88 b-techs.org - [05/Oct/2014:21:24:41 +0200] "GET /tagclouds HTTP/1.1" 200 32280 "-" "Mozilla/5.0 (Windows NT 6.1; WOW64; Trident/7.0; rv:11.0) like Gecko"
192.99.149.88 b-techs.org - [05/Oct/2014:21:24:42 +0200] "GET /tags/drupal-collaboratif HTTP/1.1" 200 22981 "-" "Mozilla/5.0 (Windows NT 6.1; WOW64; Trident/7.0; rv:11.0) like Gecko"
192.99.149.88 b-techs.org - [05/Oct/2014:21:24:43 +0200] "GET /tags/formations-informatique-d%C3%A9cisionnelle HTTP/1.1" 200 22624 "-" "Mozilla/5.0 (Windows NT 6.1; WOW64; Trident/7.0; rv:11.0) like Gecko"
192.99.149.88 b-techs.org - [05/Oct/2014:21:24:43 +0200] "GET /tags/drupal-formation HTTP/1.1" 200 22164 "-" "Mozilla/5.0 (Windows NT 6.1; WOW64; Trident/7.0; rv:11.0) like Gecko"
192.99.149.88 b-techs.org - [05/Oct/2014:21:24:44 +0200] "GET /tags/formations-business-intelligence-maroc HTTP/1.1" 200 22604 "-" "Mozilla/5.0 (Windows NT 6.1; WOW64; Trident/7.0; rv:11.0) like Gecko"
192.99.149.88 b-techs.org - [05/Oct/2014:21:24:45 +0200] "GET /tags/consulting HTTP/1.1" 200 22728 "-" "Mozilla/5.0 (Windows NT 6.1; WOW64; Trident/7.0; rv:11.0) like Gecko"
37.58.100.180 b-techs.org - [06/Oct/2014:00:10:28 +0200] "GET /%C3%A9tude-th%C3%A9orique-pratique-exemples-data-mining HTTP/1.1" 404 23361 "-" "Mozilla/5.0 (compatible; AhrefsBot/5.0; +http://ahrefs.com/robot/)"
186.242.254.119 b-techs.org - [06/Oct/2014:01:05:38 +0200] "GET / HTTP/1.1" 200 21999 "http://aosheng-tech.com" "Mozilla/5.0 (Windows NT 6.1; WOW64) AppleWebKit/537.36 (KHTML, like Gecko) Chrome/36.0.1985.143 Safari/537.36"
186.242.254.119 b-techs.org - [06/Oct/2014:01:05:40 +0200] "GET /modules/system/system.base.css?nbmwfe HTTP/1.1" 200 5350 "http://b-techs.org/" "Mozilla/5.0 (Windows NT 6.1; WOW64) AppleWebKit/537.36 (KHTML, like Gecko) Chrome/36.0.1985.143 Safari/537.36"
186.242.254.119 b-techs.org - [06/Oct/2014:01:05:40 +0200] "GET /modules/system/system.menus.css?nbmwfe HTTP/1.1" 304 - "http://b-techs.org/" "Mozilla/5.0 (Windows NT 6.1; WOW64) AppleWebKit/537.36 (KHTML, like Gecko) Chrome/36.0.1985.143 Safari/537.36"
186.242.254.119 b-techs.org - [06/Oct/2014:01:05:40 +0200] "GET /modules/system/system.theme.css?nbmwfe HTTP/1.1" 304 - "http://b-techs.org/" "Mozilla/5.0 (Windows NT 6.1; WOW64) AppleWebKit/537.36 (KHTML, like Gecko) Chrome/36.0.1985.143 Safari/537.36"
186.242.254.119 b-techs.org - [06/Oct/2014:01:05:40 +0200] "GET /modules/system/system.messages.css?nbmwfe HTTP/1.1" 304 - "http://b-techs.org/" "Mozilla/5.0 (Windows NT 6.1; WOW64) AppleWebKit/537.36 (KHTML, like Gecko) Chrome/36.0.1985.143 Safari/537.36"
186.242.254.119 b-techs.org - [06/Oct/2014:01:05:40 +0200] "GET /sites/all/modules/simplenews/simplenews.css?nbmwfe HTTP/1.1" 304 - "http://b-techs.org/" "Mozilla/5.0 (Windows NT 6.1; WOW64) AppleWebKit/537.36 (KHTML, like Gecko) Chrome/36.0.1985.143 Safari/537.36"
186.242.254.119 b-techs.org - [06/Oct/2014:01:05:40 +0200] "GET /modules/comment/comment.css?nbmwfe HTTP/1.1" 304 - "http://b-techs.org/" "Mozilla/5.0 (Windows NT 6.1; WOW64) AppleWebKit/537.36 (KHTML, like Gecko) Chrome/36.0.1985.143 Safari/537.36"
186.242.254.119 b-techs.org - [06/Oct/2014:01:05:40 +0200] "GET /sites/all/modules/date/date_api/date.css?nbmwfe HTTP/1.1" 304 - "http://b-techs.org/" "Mozilla/5.0 (Windows NT 6.1; WOW64) AppleWebKit/537.36 (KHTML, like Gecko) Chrome/36.0.1985.143 Safari/537.36"
186.242.254.119 b-techs.org - [06/Oct/2014:01:05:41 +0200] "GET /sites/all/modules/date/date_popup/themes/datepicker.1.7.css?nbmwfe HTTP/1.1" 304 - "http://b-techs.org/" "Mozilla/5.0 (Windows NT 6.1; WOW64) AppleWebKit/537.36 (KHTML, like Gecko) Chrome/36.0.1985.143 Safari/537.36"
186.242.254.119 b-techs.org - [06/Oct/2014:01:05:41 +0200] "GET /sites/all/modules/date/date_repeat_field/date_repeat_field.css?nbmwfe HTTP/1.1" 304 - "http://b-techs.org/" "Mozilla/5.0 (Windows NT 6.1; WOW64) AppleWebKit/537.36 (KHTML, like Gecko) Chrome/36.0.1985.143 Safari/537.36"
186.242.254.119 b-techs.org - [06/Oct/2014:01:05:41 +0200] "GET /modules/field/theme/field.css?nbmwfe HTTP/1.1" 304 - "http://b-techs.org/" "Mozilla/5.0 (Windows NT 6.1; WOW64) AppleWebKit/537.36 (KHTML, like Gecko) Chrome/36.0.1985.143 Safari/537.36"
186.242.254.119 b-techs.org - [06/Oct/2014:01:05:41 +0200] "GET /modules/node/node.css?nbmwfe HTTP/1.1" 304 - "http://b-techs.org/" "Mozilla/5.0 (Windows NT 6.1; WOW64) AppleWebKit/537.36 (KHTML, like Gecko) Chrome/36.0.1985.143 Safari/537.36"
186.242.254.119 b-techs.org - [06/Oct/2014:01:05:41 +0200] "GET /modules/search/search.css?nbmwfe HTTP/1.1" 304 - "http://b-techs.org/" "Mozilla/5.0 (Windows NT 6.1; WOW64) AppleWebKit/537.36 (KHTML, like Gecko) Chrome/36.0.1985.143 Safari/537.36"
186.242.254.119 b-techs.org - [06/Oct/2014:01:05:41 +0200] "GET /modules/user/user.css?nbmwfe HTTP/1.1" 304 - "http://b-techs.org/" "Mozilla/5.0 (Windows NT 6.1; WOW64) AppleWebKit/537.36 (KHTML, like Gecko) Chrome/36.0.1985.143 Safari/537.36"
186.242.254.119 b-techs.org - [06/Oct/2014:01:05:41 +0200] "GET /sites/all/modules/views/css/views.css?nbmwfe HTTP/1.1" 304 - "http://b-techs.org/" "Mozilla/5.0 (Windows NT 6.1; WOW64) AppleWebKit/537.36 (KHTML, like Gecko) Chrome/36.0.1985.143 Safari/537.36"
186.242.254.119 b-techs.org - [06/Oct/2014:01:05:41 +0200] "GET /sites/all/modules/tagclouds/tagclouds.css?nbmwfe HTTP/1.1" 304 - "http://b-techs.org/" "Mozilla/5.0 (Windows NT 6.1; WOW64) AppleWebKit/537.36 (KHTML, like Gecko) Chrome/36.0.1985.143 Safari/537.36"
186.242.254.119 b-techs.org - [06/Oct/2014:01:05:41 +0200] "GET /sites/all/modules/ctools/css/ctools.css?nbmwfe HTTP/1.1" 304 - "http://b-techs.org/" "Mozilla/5.0 (Windows NT 6.1; WOW64) AppleWebKit/537.36 (KHTML, like Gecko) Chrome/36.0.1985.143 Safari/537.36"
186.242.254.119 b-techs.org - [06/Oct/2014:01:05:41 +0200] "GET /sites/all/modules/wysiwyg_boxout/plugins/boxout/boxout.css?nbmwfe HTTP/1.1" 304 - "http://b-techs.org/" "Mozilla/5.0 (Windows NT 6.1; WOW64) AppleWebKit/537.36 (KHTML, like Gecko) Chrome/36.0.1985.143 Safari/537.36"
186.242.254.119 b-techs.org - [06/Oct/2014:01:05:41 +0200] "GET /sites/all/modules/popup/popup.css?nbmwfe HTTP/1.1" 304 - "http://b-techs.org/" "Mozilla/5.0 (Windows NT 6.1; WOW64) AppleWebKit/537.36 (KHTML, like Gecko) Chrome/36.0.1985.143 Safari/537.36"
186.242.254.119 b-techs.org - [06/Oct/2014:01:05:41 +0200] "GET /sites/all/modules/wysiwyg_boxout/wysiwyg_boxout.css?nbmwfe HTTP/1.1" 304 - "http://b-techs.org/" "Mozilla/5.0 (Windows NT 6.1; WOW64) AppleWebKit/537.36 (KHTML, like Gecko) Chrome/36.0.1985.143 Safari/537.36"
186.242.254.119 b-techs.org - [06/Oct/2014:01:05:41 +0200] "GET /sites/default/files/jqueryui_theme/base/jquery.ui.all.css?nbmwfe HTTP/1.1" 304 - "http://b-techs.org/" "Mozilla/5.0 (Windows NT 6.1; WOW64) AppleWebKit/537.36 (KHTML, like Gecko) Chrome/36.0.1985.143 Safari/537.36"
186.242.254.119 b-techs.org - [06/Oct/2014:01:05:41 +0200] "GET /sites/default/files/jqueryui_theme/base/jquery.ui.datepicker.css?nbmwfe HTTP/1.1" 304 - "http://b-techs.org/" "Mozilla/5.0 (Windows NT 6.1; WOW64) AppleWebKit/537.36 (KHTML, like Gecko) Chrome/36.0.1985.143 Safari/537.36"
186.242.254.119 b-techs.org - [06/Oct/2014:01:05:41 +0200] "GET /sites/default/files/jqueryui_theme/base/jquery.ui.core.css?nbmwfe HTTP/1.1" 304 - "http://b-techs.org/" "Mozilla/5.0 (Windows NT 6.1; WOW64) AppleWebKit/537.36 (KHTML, like Gecko) Chrome/36.0.1985.143 Safari/537.36"
186.242.254.119 b-techs.org - [06/Oct/2014:01:05:41 +0200] "GET /sites/all/themes/bluez/css/style.css?nbmwfe HTTP/1.1" 304 - "http://b-techs.org/" "Mozilla/5.0 (Windows NT 6.1; WOW64) AppleWebKit/537.36 (KHTML, like Gecko) Chrome/36.0.1985.143 Safari/537.36"
186.242.254.119 b-techs.org - [06/Oct/2014:01:05:41 +0200] "GET /sites/all/themes/bluez/css/slider.css?nbmwfe HTTP/1.1" 304 - "http://b-techs.org/" "Mozilla/5.0 (Windows NT 6.1; WOW64) AppleWebKit/537.36 (KHTML, like Gecko) Chrome/36.0.1985.143 Safari/537.36"
186.242.254.119 b-techs.org - [06/Oct/2014:01:05:41 +0200] "GET /sites/default/files/jqueryui_theme/base/jquery.ui.accordion.css?nbmwfe HTTP/1.1" 304 - "http://b-techs.org/" "Mozilla/5.0 (Windows NT 6.1; WOW64) AppleWebKit/537.36 (KHTML, like Gecko) Chrome/36.0.1985.143 Safari/537.36"
186.242.254.119 b-techs.org - [06/Oct/2014:01:05:41 +0200] "GET /sites/default/files/jqueryui_theme/base/jquery.ui.selectable.css?nbmwfe HTTP/1.1" 304 - "http://b-techs.org/" "Mozilla/5.0 (Windows NT 6.1; WOW64) AppleWebKit/537.36 (KHTML, like Gecko) Chrome/36.0.1985.143 Safari/537.36"
186.242.254.119 b-techs.org - [06/Oct/2014:01:05:41 +0200] "GET /sites/default/files/jqueryui_theme/base/jquery.ui.resizable.css?nbmwfe HTTP/1.1" 304 - "http://b-techs.org/" "Mozilla/5.0 (Windows NT 6.1; WOW64) AppleWebKit/537.36 (KHTML, like Gecko) Chrome/36.0.1985.143 Safari/537.36"
186.242.254.119 b-techs.org - [06/Oct/2014:01:05:41 +0200] "GET /sites/default/files/jqueryui_theme/base/jquery.ui.slider.css?nbmwfe HTTP/1.1" 304 - "http://b-techs.org/" "Mozilla/5.0 (Windows NT 6.1; WOW64) AppleWebKit/537.36 (KHTML, like Gecko) Chrome/36.0.1985.143 Safari/537.36"
186.242.254.119 b-techs.org - [06/Oct/2014:01:05:42 +0200] "GET /sites/default/files/jqueryui_theme/base/jquery.ui.dialog.css?nbmwfe HTTP/1.1" 304 - "http://b-techs.org/" "Mozilla/5.0 (Windows NT 6.1; WOW64) AppleWebKit/537.36 (KHTML, like Gecko) Chrome/36.0.1985.143 Safari/537.36"
186.242.254.119 b-techs.org - [06/Oct/2014:01:05:42 +0200] "GET /sites/default/files/jqueryui_theme/base/jquery.ui.theme.css?nbmwfe HTTP/1.1" 304 - "http://b-techs.org/" "Mozilla/5.0 (Windows NT 6.1; WOW64) AppleWebKit/537.36 (KHTML, like Gecko) Chrome/36.0.1985.143 Safari/537.36"
186.242.254.119 b-techs.org - [06/Oct/2014:01:05:42 +0200] "GET /sites/default/files/jqueryui_theme/base/jquery.ui.autocomplete.css?nbmwfe HTTP/1.1" 304 - "http://b-techs.org/" "Mozilla/5.0 (Windows NT 6.1; WOW64) AppleWebKit/537.36 (KHTML, like Gecko) Chrome/36.0.1985.143 Safari/537.36"
186.242.254.119 b-techs.org - [06/Oct/2014:01:05:42 +0200] "GET /sites/default/files/jqueryui_theme/base/jquery.ui.button.css?nbmwfe HTTP/1.1" 304 - "http://b-techs.org/" "Mozilla/5.0 (Windows NT 6.1; WOW64) AppleWebKit/537.36 (KHTML, like Gecko) Chrome/36.0.1985.143 Safari/537.36"
186.242.254.119 b-techs.org - [06/Oct/2014:01:05:42 +0200] "GET /sites/default/files/jqueryui_theme/base/jquery.ui.base.css?nbmwfe HTTP/1.1" 304 - "http://b-techs.org/" "Mozilla/5.0 (Windows NT 6.1; WOW64) AppleWebKit/537.36 (KHTML, like Gecko) Chrome/36.0.1985.143 Safari/537.36"
186.242.254.119 b-techs.org - [06/Oct/2014:01:05:42 +0200] "GET /sites/default/files/jqueryui_theme/base/jquery.ui.tabs.css?nbmwfe HTTP/1.1" 304 - "http://b-techs.org/" "Mozilla/5.0 (Windows NT 6.1; WOW64) AppleWebKit/537.36 (KHTML, like Gecko) Chrome/36.0.1985.143 Safari/537.36"
186.242.254.119 b-techs.org - [06/Oct/2014:01:05:42 +0200] "GET /sites/default/files/jqueryui_theme/base/jquery.ui.progressbar.css?nbmwfe HTTP/1.1" 304 - "http://b-techs.org/" "Mozilla/5.0 (Windows NT 6.1; WOW64) AppleWebKit/537.36 (KHTML, like Gecko) Chrome/36.0.1985.143 Safari/537.36"
186.242.254.119 b-techs.org - [06/Oct/2014:01:05:42 +0200] "GET /misc/jquery.once.js?v=1.2 HTTP/1.1" 304 - "http://b-techs.org/" "Mozilla/5.0 (Windows NT 6.1; WOW64) AppleWebKit/537.36 (KHTML, like Gecko) Chrome/36.0.1985.143 Safari/537.36"
186.242.254.119 b-techs.org - [06/Oct/2014:01:05:42 +0200] "GET /misc/drupal.js?nbmwfe HTTP/1.1" 200 14544 "http://b-techs.org/" "Mozilla/5.0 (Windows NT 6.1; WOW64) AppleWebKit/537.36 (KHTML, like Gecko) Chrome/36.0.1985.143 Safari/537.36"
186.242.254.119 b-techs.org - [06/Oct/2014:01:05:42 +0200] "GET /sites/all/modules/admin_menu/admin_devel/admin_devel.js?nbmwfe HTTP/1.1" 304 - "http://b-techs.org/" "Mozilla/5.0 (Windows NT 6.1; WOW64) AppleWebKit/537.36 (KHTML, like Gecko) Chrome/36.0.1985.143 Safari/537.36"
186.242.254.119 b-techs.org - [06/Oct/2014:01:05:42 +0200] "GET /sites/all/modules/contentoptimizer/contentoptimizer.js?nbmwfe HTTP/1.1" 304 - "http://b-techs.org/" "Mozilla/5.0 (Windows NT 6.1; WOW64) AppleWebKit/537.36 (KHTML, like Gecko) Chrome/36.0.1985.143 Safari/537.36"
186.242.254.119 b-techs.org - [06/Oct/2014:01:05:42 +0200] "GET /sites/all/themes/bluez/js/slider.js?nbmwfe HTTP/1.1" 304 - "http://b-techs.org/" "Mozilla/5.0 (Windows NT 6.1; WOW64) AppleWebKit/537.36 (KHTML, like Gecko) Chrome/36.0.1985.143 Safari/537.36"
186.242.254.119 b-techs.org - [06/Oct/2014:01:05:42 +0200] "GET /sites/all/modules/contentanalysis/contentanalysis.js?nbmwfe HTTP/1.1" 200 14527 "http://b-techs.org/" "Mozilla/5.0 (Windows NT 6.1; WOW64) AppleWebKit/537.36 (KHTML, like Gecko) Chrome/36.0.1985.143 Safari/537.36"
186.242.254.119 b-techs.org - [06/Oct/2014:01:05:42 +0200] "GET /sites/all/modules/popup/popup.js?nbmwfe HTTP/1.1" 200 11042 "http://b-techs.org/" "Mozilla/5.0 (Windows NT 6.1; WOW64) AppleWebKit/537.36 (KHTML, like Gecko) Chrome/36.0.1985.143 Safari/537.36"
186.242.254.119 b-techs.org - [06/Oct/2014:01:05:42 +0200] "GET /sites/default/files/languages/fr_yjGt0SggLwaIiummSgMvC1_7Bu2Q2FfWyASQq9QWXgY.js?nbmwfe HTTP/1.1" 200 4396 "http://b-techs.org/" "Mozilla/5.0 (Windows NT 6.1; WOW64) AppleWebKit/537.36 (KHTML, like Gecko) Chrome/36.0.1985.143 Safari/537.36"
186.242.254.119 b-techs.org - [06/Oct/2014:01:05:42 +0200] "GET /sites/all/modules/google_analytics/googleanalytics.js?nbmwfe HTTP/1.1" 304 - "http://b-techs.org/" "Mozilla/5.0 (Windows NT 6.1; WOW64) AppleWebKit/537.36 (KHTML, like Gecko) Chrome/36.0.1985.143 Safari/537.36"
186.242.254.119 b-techs.org - [06/Oct/2014:01:05:42 +0200] "GET /sites/default/files/jqueryui_theme/base/jquery.ui.base.css HTTP/1.1" 304 - "http://b-techs.org/" "Mozilla/5.0 (Windows NT 6.1; WOW64) AppleWebKit/537.36 (KHTML, like Gecko) Chrome/36.0.1985.143 Safari/537.36"
186.242.254.119 b-techs.org - [06/Oct/2014:01:05:42 +0200] "GET /sites/default/files/jqueryui_theme/base/jquery.ui.core.css HTTP/1.1" 304 - "http://b-techs.org/" "Mozilla/5.0 (Windows NT 6.1; WOW64) AppleWebKit/537.36 (KHTML, like Gecko) Chrome/36.0.1985.143 Safari/537.36"
186.242.254.119 b-techs.org - [06/Oct/2014:01:05:42 +0200] "GET /sites/default/files/jqueryui_theme/base/jquery.ui.theme.css HTTP/1.1" 200 19141 "http://b-techs.org/" "Mozilla/5.0 (Windows NT 6.1; WOW64) AppleWebKit/537.36 (KHTML, like Gecko) Chrome/36.0.1985.143 Safari/537.36"
186.242.254.119 b-techs.org - [06/Oct/2014:01:05:42 +0200] "GET /sites/default/files/jqueryui_theme/base/jquery.ui.resizable.css HTTP/1.1" 304 - "http://b-techs.org/" "Mozilla/5.0 (Windows NT 6.1; WOW64) AppleWebKit/537.36 (KHTML, like Gecko) Chrome/36.0.1985.143 Safari/537.36"
186.242.254.119 b-techs.org - [06/Oct/2014:01:05:43 +0200] "GET /sites/default/files/jqueryui_theme/base/jquery.ui.selectable.css HTTP/1.1" 304 - "http://b-techs.org/" "Mozilla/5.0 (Windows NT 6.1; WOW64) AppleWebKit/537.36 (KHTML, like Gecko) Chrome/36.0.1985.143 Safari/537.36"
186.242.254.119 b-techs.org - [06/Oct/2014:01:05:43 +0200] "GET /sites/default/files/jqueryui_theme/base/jquery.ui.accordion.css HTTP/1.1" 304 - "http://b-techs.org/" "Mozilla/5.0 (Windows NT 6.1; WOW64) AppleWebKit/537.36 (KHTML, like Gecko) Chrome/36.0.1985.143 Safari/537.36"
186.242.254.119 b-techs.org - [06/Oct/2014:01:05:43 +0200] "GET /sites/default/files/jqueryui_theme/base/jquery.ui.autocomplete.css HTTP/1.1" 304 - "http://b-techs.org/" "Mozilla/5.0 (Windows NT 6.1; WOW64) AppleWebKit/537.36 (KHTML, like Gecko) Chrome/36.0.1985.143 Safari/537.36"
186.242.254.119 b-techs.org - [06/Oct/2014:01:05:43 +0200] "GET /sites/default/files/jqueryui_theme/base/jquery.ui.button.css HTTP/1.1" 304 - "http://b-techs.org/" "Mozilla/5.0 (Windows NT 6.1; WOW64) AppleWebKit/537.36 (KHTML, like Gecko) Chrome/36.0.1985.143 Safari/537.36"
186.242.254.119 b-techs.org - [06/Oct/2014:01:05:43 +0200] "GET /sites/default/files/jqueryui_theme/base/jquery.ui.dialog.css HTTP/1.1" 304 - "http://b-techs.org/" "Mozilla/5.0 (Windows NT 6.1; WOW64) AppleWebKit/537.36 (KHTML, like Gecko) Chrome/36.0.1985.143 Safari/537.36"
186.242.254.119 b-techs.org - [06/Oct/2014:01:05:43 +0200] "GET /sites/default/files/jqueryui_theme/base/jquery.ui.slider.css HTTP/1.1" 304 - "http://b-techs.org/" "Mozilla/5.0 (Windows NT 6.1; WOW64) AppleWebKit/537.36 (KHTML, like Gecko) Chrome/36.0.1985.143 Safari/537.36"
186.242.254.119 b-techs.org - [06/Oct/2014:01:05:43 +0200] "GET /sites/default/files/jqueryui_theme/base/jquery.ui.tabs.css HTTP/1.1" 304 - "http://b-techs.org/" "Mozilla/5.0 (Windows NT 6.1; WOW64) AppleWebKit/537.36 (KHTML, like Gecko) Chrome/36.0.1985.143 Safari/537.36"
186.242.254.119 b-techs.org - [06/Oct/2014:01:05:43 +0200] "GET /sites/default/files/jqueryui_theme/base/jquery.ui.datepicker.css HTTP/1.1" 304 - "http://b-techs.org/" "Mozilla/5.0 (Windows NT 6.1; WOW64) AppleWebKit/537.36 (KHTML, like Gecko) Chrome/36.0.1985.143 Safari/537.36"
186.242.254.119 b-techs.org - [06/Oct/2014:01:05:43 +0200] "GET /sites/default/files/jqueryui_theme/base/jquery.ui.progressbar.css HTTP/1.1" 304 - "http://b-techs.org/" "Mozilla/5.0 (Windows NT 6.1; WOW64) AppleWebKit/537.36 (KHTML, like Gecko) Chrome/36.0.1985.143 Safari/537.36"
186.242.254.119 b-techs.org - [06/Oct/2014:01:05:43 +0200] "GET /sites/all/themes/bluez/images/facebook.png HTTP/1.1" 304 - "http://b-techs.org/" "Mozilla/5.0 (Windows NT 6.1; WOW64) AppleWebKit/537.36 (KHTML, like Gecko) Chrome/36.0.1985.143 Safari/537.36"
186.242.254.119 b-techs.org - [06/Oct/2014:01:05:43 +0200] "GET /sites/all/themes/bluez/images/twitter.png HTTP/1.1" 304 - "http://b-techs.org/" "Mozilla/5.0 (Windows NT 6.1; WOW64) AppleWebKit/537.36 (KHTML, like Gecko) Chrome/36.0.1985.143 Safari/537.36"
186.242.254.119 b-techs.org - [06/Oct/2014:01:05:43 +0200] "GET /sites/all/themes/bluez/images/linkedin.png HTTP/1.1" 304 - "http://b-techs.org/" "Mozilla/5.0 (Windows NT 6.1; WOW64) AppleWebKit/537.36 (KHTML, like Gecko) Chrome/36.0.1985.143 Safari/537.36"
186.242.254.119 b-techs.org - [06/Oct/2014:01:05:43 +0200] "GET /sites/all/themes/bluez/images/shadow-bottom.png HTTP/1.1" 304 - "http://b-techs.org/" "Mozilla/5.0 (Windows NT 6.1; WOW64) AppleWebKit/537.36 (KHTML, like Gecko) Chrome/36.0.1985.143 Safari/537.36"
186.242.254.119 b-techs.org - [06/Oct/2014:01:05:43 +0200] "GET /sites/default/files/logo_normal_2.png HTTP/1.1" 200 29440 "http://b-techs.org/" "Mozilla/5.0 (Windows NT 6.1; WOW64) AppleWebKit/537.36 (KHTML, like Gecko) Chrome/36.0.1985.143 Safari/537.36"
186.242.254.119 b-techs.org - [06/Oct/2014:01:05:43 +0200] "GET /sites/all/themes/bluez/images/slideshow/slide-image-1.jpg HTTP/1.1" 304 - "http://b-techs.org/" "Mozilla/5.0 (Windows NT 6.1; WOW64) AppleWebKit/537.36 (KHTML, like Gecko) Chrome/36.0.1985.143 Safari/537.36"
186.242.254.119 b-techs.org - [06/Oct/2014:01:05:44 +0200] "GET /sites/all/themes/bluez/images/slide-button.png HTTP/1.1" 304 - "http://b-techs.org/" "Mozilla/5.0 (Windows NT 6.1; WOW64) AppleWebKit/537.36 (KHTML, like Gecko) Chrome/36.0.1985.143 Safari/537.36"
186.242.254.119 b-techs.org - [06/Oct/2014:01:05:44 +0200] "GET /sites/all/themes/bluez/images/slideshow/slide-image-2.jpg HTTP/1.1" 200 79053 "http://b-techs.org/" "Mozilla/5.0 (Windows NT 6.1; WOW64) AppleWebKit/537.36 (KHTML, like Gecko) Chrome/36.0.1985.143 Safari/537.36"
186.242.254.119 b-techs.org - [06/Oct/2014:01:05:44 +0200] "GET /sites/all/themes/bluez/images/slideshow/slide-image-3.jpg HTTP/1.1" 200 138211 "http://b-techs.org/" "Mozilla/5.0 (Windows NT 6.1; WOW64) AppleWebKit/537.36 (KHTML, like Gecko) Chrome/36.0.1985.143 Safari/537.36"
186.242.254.119 b-techs.org - [06/Oct/2014:01:05:44 +0200] "GET /sites/all/themes/bluez/images/promoted/BI.png HTTP/1.1" 200 12017 "http://b-techs.org/" "Mozilla/5.0 (Windows NT 6.1; WOW64) AppleWebKit/537.36 (KHTML, like Gecko) Chrome/36.0.1985.143 Safari/537.36"
186.242.254.119 b-techs.org - [06/Oct/2014:01:05:44 +0200] "GET /sites/all/themes/bluez/images/promoted/WC.png HTTP/1.1" 304 - "http://b-techs.org/" "Mozilla/5.0 (Windows NT 6.1; WOW64) AppleWebKit/537.36 (KHTML, like Gecko) Chrome/36.0.1985.143 Safari/537.36"
